Started HTTP and WebSocket JSON-RPC server at http://127.0.0.1:8545/

Accounts
========

WARNING: These accounts, and their private keys, are publicly known.
Any funds sent to them on Mainnet or any other live network WILL BE LOST.

Account #0: 0xf39Fd6e51aad88F6F4ce6aB8827279cffFb92266 (10000 ETH)
Private Key: 0xac0974bec39a17e36ba4a6b4d238ff944bacb478cbed5efcae784d7bf4f2ff80

Account #1: 0x70997970C51812dc3A010C7d01b50e0d17dc79C8 (10000 ETH)
Private Key: 0x59c6995e998f97a5a0044966f0945389dc9e86dae88c7a8412f4603b6b78690d

Account #2: 0x3C44CdDdB6a900fa2b585dd299e03d12FA4293BC (10000 ETH)
Private Key: 0x5de4111afa1a4b94908f83103eb1f1706367c2e68ca870fc3fb9a804cdab365a

Account #3: 0x90F79bf6EB2c4f870365E785982E1f101E93b906 (10000 ETH)
Private Key: 0x7c852118294e51e653712a81e05800f419141751be58f605c371e15141b007a6

Account #4: 0x15d34AAf54267DB7D7c367839AAf71A00a2C6A65 (10000 ETH)
Private Key: 0x47e179ec197488593b187f80a00eb0da91f1b9d0b13f8733639f19c30a34926a

Account #5: 0x9965507D1a55bcC2695C58ba16FB37d819B0A4dc (10000 ETH)
Private Key: 0x8b3a350cf5c34c9194ca85829a2df0ec3153be0318b5e2d3348e872092edffba

Account #6: 0x976EA74026E726554dB657fA54763abd0C3a0aa9 (10000 ETH)
Private Key: 0x92db14e403b83dfe3df233f83dfa3a0d7096f21ca9b0d6d6b8d88b2b4ec1564e

Account #7: 0x14dC79964da2C08b23698B3D3cc7Ca32193d9955 (10000 ETH)
Private Key: 0x4bbbf85ce3377467afe5d46f804f221813b2bb87f24d81f60f1fcdbf7cbf4356

Account #8: 0x23618e81E3f5cdF7f54C3d65f7FBc0aBf5B21E8f (10000 ETH)
Private Key: 0xdbda1821b80551c9d65939329250298aa3472ba22feea921c0cf5d620ea67b97

Account #9: 0xa0Ee7A142d267C1f36714E4a8F75612F20a79720 (10000 ETH)
Private Key: 0x2a871d0798f97d79848a013d4936a73bf4cc922c825d33c1cf7073dff6d409c6

Account #10: 0xBcd4042DE499D14e55001CcbB24a551F3b954096 (10000 ETH)
Private Key: 0xf214f2b2cd398c806f84e317254e0f0b801d0643303237d97a22a48e01628897

Account #11: 0x71bE63f3384f5fb98995898A86B02Fb2426c5788 (10000 ETH)
Private Key: 0x701b615bbdfb9de65240bc28bd21bbc0d996645a3dd57e7b12bc2bdf6f192c82

Account #12: 0xFABB0ac9d68B0B445fB7357272Ff202C5651694a (10000 ETH)
Private Key: 0xa267530f49f8280200edf313ee7af6b827f2a8bce2897751d06a843f644967b1

Account #13: 0x1CBd3b2770909D4e10f157cABC84C7264073C9Ec (10000 ETH)
Private Key: 0x47c99abed3324a2707c28affff1267e45918ec8c3f20b8aa892e8b065d2942dd

Account #14: 0xdF3e18d64BC6A983f673Ab319CCaE4f1a57C7097 (10000 ETH)
Private Key: 0xc526ee95bf44d8fc405a158bb884d9d1238d99f0612e9f33d006bb0789009aaa

Account #15: 0xcd3B766CCDd6AE721141F452C550Ca635964ce71 (10000 ETH)
Private Key: 0x8166f546bab6da521a8369cab06c5d2b9e46670292d85c875ee9ec20e84ffb61

Account #16: 0x2546BcD3c84621e976D8185a91A922aE77ECEc30 (10000 ETH)
Private Key: 0xea6c44ac03bff858b476bba40716402b03e41b8e97e276d1baec7c37d42484a0

Account #17: 0xbDA5747bFD65F08deb54cb465eB87D40e51B197E (10000 ETH)
Private Key: 0x689af8efa8c651a91ad287602527f3af2fe9f6501a7ac4b061667b5a93e037fd

Account #18: 0xdD2FD4581271e230360230F9337D5c0430Bf44C0 (10000 ETH)
Private Key: 0xde9be858da4a475276426320d5e9262ecfc3ba460bfac56360bfa6c4c28b4ee0

Account #19: 0x8626f6940E2eb28930eFb4CeF49B2d1F2C9C1199 (10000 ETH)
Private Key: 0xdf57089febbacf7ba0bc227dafbffa9fc08a93fdc68e1e42411a14efcf23656e

WARNING: These accounts, and their private keys, are publicly known.
Any funds sent to them on Mainnet or any other live network WILL BE LOST.

[32meth_chainId[0m
[32meth_accounts[0m
[32mhardhat_metadata[0m
[32mhardhat_metadata (2)[0m
[32mhardhat_metadata (3)[0m
[32mhardhat_metadata (4)[0m
[32mhardhat_metadata (5)[0m
[32mhardhat_metadata (6)[0m
[32mhardhat_metadata (7)[0m
[32mhardhat_metadata (8)[0m
[32mhardhat_metadata (9)[0m
[32mhardhat_metadata (10)[0m
[32mhardhat_metadata (11)[0m
[32mhardhat_metadata (12)[0m
[32mhardhat_metadata (13)[0m
[32mhardhat_metadata (14)[0m
[32mhardhat_metadata (15)[0m
[32mhardhat_metadata (16)[0m
[32mhardhat_metadata (17)[0m
[32mhardhat_metadata (18)[0m
[32mhardhat_metadata (19)[0m
[32mhardhat_metadata (20)[0m
[32meth_blockNumber[0m
[32meth_getBlockByNumber[0m
[32meth_feeHistory[0m
[32meth_maxPriorityFeePerGas[0m
[32meth_sendTransaction[0m
  Contract deployment: CampaignFactory
  Contract address:    0x5fbdb2315678afecb367f032d93f642f64180aa3
  Transaction:         0x06a0e80fa1471780460bccd49dfa0b383e337e080fecf4a062107ef5b91b3100
  From:                0xf39fd6e51aad88f6f4ce6ab8827279cfffb92266
  Value:               0 ETH
  Gas used:            3059032 of 16777216
  Block #1:            0xc689b646b9f2f96abe6aaefc21eb6c7ebfbc3310df28971f27233373ebf7a5d5

[32meth_getTransactionByHash[0m
[32meth_getTransactionReceipt[0m
[32meth_accounts[0m
[32mhardhat_metadata[0m
[32mhardhat_metadata (2)[0m
[32mhardhat_metadata (3)[0m
[32mhardhat_metadata (4)[0m
[32mhardhat_metadata (5)[0m
[32mhardhat_metadata (6)[0m
[32mhardhat_metadata (7)[0m
[32mhardhat_metadata (8)[0m
[32mhardhat_metadata (9)[0m
[32mhardhat_metadata (10)[0m
[32mhardhat_metadata (11)[0m
[32mhardhat_metadata (12)[0m
[32mhardhat_metadata (13)[0m
[32mhardhat_metadata (14)[0m
[32mhardhat_metadata (15)[0m
[32mhardhat_metadata (16)[0m
[32mhardhat_metadata (17)[0m
[32mhardhat_metadata (18)[0m
[32mhardhat_metadata (19)[0m
[32mhardhat_metadata (20)[0m
[32meth_blockNumber[0m
[32meth_accounts[0m
[32meth_accounts (2)[0m
[32meth_call[0m
  Contract call:       CampaignFactory#getDeployedCampaigns
  From:                0xf39fd6e51aad88f6f4ce6ab8827279cfffb92266
  To:                  0x5fbdb2315678afecb367f032d93f642f64180aa3

[32meth_call[0m
  Contract call:       CampaignFactory#getReputation
  From:                0xf39fd6e51aad88f6f4ce6ab8827279cfffb92266
  To:                  0x5fbdb2315678afecb367f032d93f642f64180aa3

[32meth_call[0m
  Contract call:       CampaignFactory#getReputationTier
  From:                0xf39fd6e51aad88f6f4ce6ab8827279cfffb92266
  To:                  0x5fbdb2315678afecb367f032d93f642f64180aa3

[32meth_blockNumber[0m
[32meth_blockNumber (2)[0m
[32meth_blockNumber (3)[0m
[32meth_blockNumber (4)[0m
[32meth_blockNumber (5)[0m
[32meth_getBalance[0m
[32meth_blockNumber[0m
[32meth_call[0m
  Contract call:       CampaignFactory#getReputation
  From:                0xf39fd6e51aad88f6f4ce6ab8827279cfffb92266
  To:                  0x5fbdb2315678afecb367f032d93f642f64180aa3

[32meth_call[0m
  Contract call:       CampaignFactory#getReputationTier
  From:                0xf39fd6e51aad88f6f4ce6ab8827279cfffb92266
  To:                  0x5fbdb2315678afecb367f032d93f642f64180aa3

[32meth_blockNumber[0m
[32meth_blockNumber (2)[0m
[32meth_blockNumber (3)[0m
[32meth_blockNumber (4)[0m
[32meth_blockNumber (5)[0m
[32meth_blockNumber (6)[0m
[32meth_blockNumber (7)[0m
[32meth_blockNumber (8)[0m
[32meth_blockNumber (9)[0m
[32meth_chainId[0m
[32meth_blockNumber[0m
[32meth_blockNumber (2)[0m
[32meth_blockNumber (3)[0m
[32meth_blockNumber (4)[0m
[32meth_blockNumber (5)[0m
[32meth_blockNumber (6)[0m
[32meth_blockNumber (7)[0m
[32meth_blockNumber (8)[0m
[32meth_chainId[0m
[32meth_chainId (2)[0m
[32meth_chainId (3)[0m
[32meth_chainId (4)[0m
[32meth_chainId (5)[0m
[32meth_chainId (6)[0m
[32meth_chainId (7)[0m
[32meth_chainId (8)[0m
[32meth_chainId (9)[0m
[32meth_chainId (10)[0m
[32meth_chainId (11)[0m
[32meth_blockNumber[0m
[32meth_getBalance[0m
[32meth_blockNumber[0m
[32meth_getBlockByNumber[0m
[32mnet_version[0m
[32meth_blockNumber[0m
[32meth_blockNumber (2)[0m
[32meth_call[0m
  Contract call:       CampaignFactory#getDeployedCampaigns
  From:                0xf39fd6e51aad88f6f4ce6ab8827279cfffb92266
  To:                  0x5fbdb2315678afecb367f032d93f642f64180aa3

[32meth_blockNumber[0m
[32meth_blockNumber (2)[0m
[32meth_blockNumber (3)[0m
[32meth_blockNumber (4)[0m
[32meth_blockNumber (5)[0m
[32meth_blockNumber (6)[0m
[32meth_call[0m
  Contract call:       CampaignFactory#getReputation
  From:                0xf39fd6e51aad88f6f4ce6ab8827279cfffb92266
  To:                  0x5fbdb2315678afecb367f032d93f642f64180aa3

[32meth_call[0m
  Contract call:       CampaignFactory#getReputationTier
  From:                0xf39fd6e51aad88f6f4ce6ab8827279cfffb92266
  To:                  0x5fbdb2315678afecb367f032d93f642f64180aa3

[32meth_blockNumber[0m
[32meth_blockNumber (2)[0m
[32meth_blockNumber (3)[0m
[32meth_blockNumber (4)[0m
[32meth_blockNumber (5)[0m
[32meth_blockNumber (6)[0m
[32meth_blockNumber (7)[0m
[32meth_blockNumber (8)[0m
[32meth_blockNumber (9)[0m
[32meth_blockNumber (10)[0m
[32meth_blockNumber (11)[0m
[32meth_blockNumber (12)[0m
[32meth_blockNumber (13)[0m
[32meth_blockNumber (14)[0m
[32meth_blockNumber (15)[0m
[32meth_blockNumber (16)[0m
[32meth_blockNumber (17)[0m
[32meth_blockNumber (18)[0m
[32meth_blockNumber (19)[0m
[32meth_blockNumber (20)[0m
[32meth_blockNumber (21)[0m
[32meth_blockNumber (22)[0m
[32meth_blockNumber (23)[0m
[32meth_blockNumber (24)[0m
[32meth_blockNumber (25)[0m
[32meth_estimateGas[0m
[32meth_getCode[0m
[32meth_getCode (2)[0m
[32meth_gasPrice[0m
[32meth_blockNumber[0m
[31meth_call[0m
  Contract call:       CampaignFactory#<unrecognized-selector>
  From:                0xf39fd6e51aad88f6f4ce6ab8827279cfffb92266
  To:                  0x5fbdb2315678afecb367f032d93f642f64180aa3

  Error: Transaction reverted without a reason

[31meth_call[0m
  Contract call:       CampaignFactory#<unrecognized-selector>
  From:                0xf39fd6e51aad88f6f4ce6ab8827279cfffb92266
  To:                  0x5fbdb2315678afecb367f032d93f642f64180aa3

  Error: Transaction reverted without a reason

[31meth_call[0m
  Contract call:       CampaignFactory#<unrecognized-selector>
  From:                0xf39fd6e51aad88f6f4ce6ab8827279cfffb92266
  To:                  0x5fbdb2315678afecb367f032d93f642f64180aa3

  Error: Transaction reverted without a reason

[31meth_call[0m
  Contract call:       CampaignFactory#<unrecognized-selector>
  From:                0xf39fd6e51aad88f6f4ce6ab8827279cfffb92266
  To:                  0x5fbdb2315678afecb367f032d93f642f64180aa3

  Error: Transaction reverted without a reason

[31meth_call[0m
  Contract call:       CampaignFactory#<unrecognized-selector>
  From:                0xf39fd6e51aad88f6f4ce6ab8827279cfffb92266
  To:                  0x5fbdb2315678afecb367f032d93f642f64180aa3

  Error: Transaction reverted without a reason

[31meth_call[0m
  Contract call:       CampaignFactory#<unrecognized-selector>
  From:                0xf39fd6e51aad88f6f4ce6ab8827279cfffb92266
  To:                  0x5fbdb2315678afecb367f032d93f642f64180aa3

  Error: Transaction reverted without a reason

[31meth_call[0m
  Contract call:       CampaignFactory#<unrecognized-selector>
  From:                0xf39fd6e51aad88f6f4ce6ab8827279cfffb92266
  To:                  0x5fbdb2315678afecb367f032d93f642f64180aa3

  Error: Transaction reverted without a reason

[31meth_call[0m
  Contract call:       CampaignFactory#<unrecognized-selector>
  From:                0xf39fd6e51aad88f6f4ce6ab8827279cfffb92266
  To:                  0x5fbdb2315678afecb367f032d93f642f64180aa3

  Error: Transaction reverted without a reason

[31meth_call[0m
  Contract call:       CampaignFactory#<unrecognized-selector>
  From:                0xf39fd6e51aad88f6f4ce6ab8827279cfffb92266
  To:                  0x5fbdb2315678afecb367f032d93f642f64180aa3

  Error: Transaction reverted without a reason

[32meth_blockNumber[0m
[32meth_getTransactionCount[0m
[32meth_sendRawTransaction[0m
  Contract call:       CampaignFactory#createCampaign
  Transaction:         0x347e2ced7204c02d0774ae5ceccea5ef1f43652f75abb1887ab12910d7613837
  From:                0xf39fd6e51aad88f6f4ce6ab8827279cfffb92266
  To:                  0x5fbdb2315678afecb367f032d93f642f64180aa3
  Value:               0 ETH
  Gas used:            2828511 of 2828511
  Block #2:            0x977cad37ea8ac417c23cd86b597872abf46a297f0a289ffb6fb3b1a6dca133ac

[31meth_call[0m
  Contract call:       CampaignFactory#<unrecognized-selector>
  From:                0xf39fd6e51aad88f6f4ce6ab8827279cfffb92266
  To:                  0x5fbdb2315678afecb367f032d93f642f64180aa3

  Error: Transaction reverted without a reason

[31meth_call[0m
  Contract call:       CampaignFactory#<unrecognized-selector>
  From:                0xf39fd6e51aad88f6f4ce6ab8827279cfffb92266
  To:                  0x5fbdb2315678afecb367f032d93f642f64180aa3

  Error: Transaction reverted without a reason

[32meth_getTransactionReceipt[0m
[31meth_call[0m
  Contract call:       CampaignFactory#<unrecognized-selector>
  From:                0xf39fd6e51aad88f6f4ce6ab8827279cfffb92266
  To:                  0x5fbdb2315678afecb367f032d93f642f64180aa3

  Error: Transaction reverted without a reason

[31meth_call[0m
  Contract call:       CampaignFactory#<unrecognized-selector>
  From:                0xf39fd6e51aad88f6f4ce6ab8827279cfffb92266
  To:                  0x5fbdb2315678afecb367f032d93f642f64180aa3

  Error: Transaction reverted without a reason

[32meth_blockNumber[0m
[32meth_call[0m
  Contract call:       CampaignFactory#getDeployedCampaigns
  From:                0xf39fd6e51aad88f6f4ce6ab8827279cfffb92266
  To:                  0x5fbdb2315678afecb367f032d93f642f64180aa3

[32meth_call[0m
  Contract call:       Campaign#getCampaignDetails
  From:                0xf39fd6e51aad88f6f4ce6ab8827279cfffb92266
  To:                  0xa16e02e87b7454126e5e10d957a927a7f5b5d2be

[31meth_call[0m
  Contract deployment: <UnrecognizedContract>
  From:                0xf39fd6e51aad88f6f4ce6ab8827279cfffb92266

  TransactionExecutionError: StackOverflow

[32meth_getBlockByNumber[0m
[32meth_gasPrice[0m
[32meth_getTransactionReceipt[0m
[32meth_getBlockByHash[0m
[32meth_blockNumber[0m
[32meth_getBalance[0m
[31meth_call[0m
  Contract call:       CampaignFactory#<unrecognized-selector>
  From:                0xf39fd6e51aad88f6f4ce6ab8827279cfffb92266
  To:                  0x5fbdb2315678afecb367f032d93f642f64180aa3

  Error: Transaction reverted without a reason

[31meth_call[0m
  Contract call:       CampaignFactory#<unrecognized-selector>
  From:                0xf39fd6e51aad88f6f4ce6ab8827279cfffb92266
  To:                  0x5fbdb2315678afecb367f032d93f642f64180aa3

  Error: Transaction reverted without a reason

[31meth_call[0m
  Contract call:       CampaignFactory#<unrecognized-selector>
  From:                0xf39fd6e51aad88f6f4ce6ab8827279cfffb92266
  To:                  0x5fbdb2315678afecb367f032d93f642f64180aa3

  Error: Transaction reverted without a reason

[31meth_call[0m
  Contract call:       CampaignFactory#<unrecognized-selector>
  From:                0xf39fd6e51aad88f6f4ce6ab8827279cfffb92266
  To:                  0x5fbdb2315678afecb367f032d93f642f64180aa3

  Error: Transaction reverted without a reason

[32meth_blockNumber[0m
[32meth_blockNumber (2)[0m
[32meth_blockNumber (3)[0m
[32meth_blockNumber (4)[0m
[32meth_blockNumber (5)[0m
[32meth_blockNumber (6)[0m
[32meth_blockNumber (7)[0m
[32meth_blockNumber (8)[0m
[32meth_blockNumber (9)[0m
[32meth_blockNumber (10)[0m
[32meth_getBalance[0m
[32meth_blockNumber[0m
[32meth_blockNumber (2)[0m
[32meth_blockNumber (3)[0m
[32meth_blockNumber (4)[0m
[32meth_call[0m
  Contract call:       CampaignFactory#getReputation
  From:                0xf39fd6e51aad88f6f4ce6ab8827279cfffb92266
  To:                  0x5fbdb2315678afecb367f032d93f642f64180aa3

[32meth_call[0m
  Contract call:       CampaignFactory#getReputationTier
  From:                0xf39fd6e51aad88f6f4ce6ab8827279cfffb92266
  To:                  0x5fbdb2315678afecb367f032d93f642f64180aa3

[32meth_blockNumber[0m
[32meth_call[0m
  Contract call:       Campaign#getContributors
  From:                0xf39fd6e51aad88f6f4ce6ab8827279cfffb92266
  To:                  0xa16e02e87b7454126e5e10d957a927a7f5b5d2be

[32meth_blockNumber[0m
[32meth_blockNumber (2)[0m
[32meth_blockNumber (3)[0m
[32meth_blockNumber (4)[0m
[32meth_blockNumber (5)[0m
[32meth_blockNumber (6)[0m
[32meth_blockNumber (7)[0m
[32meth_blockNumber (8)[0m
[32meth_blockNumber (9)[0m
[32meth_blockNumber (10)[0m
[32meth_estimateGas[0m
[32meth_getCode[0m
[32meth_getCode (2)[0m
[32meth_blockNumber[0m
[31meth_call[0m
  Contract call:       Campaign#<unrecognized-selector>
  From:                0xf39fd6e51aad88f6f4ce6ab8827279cfffb92266
  To:                  0xa16e02e87b7454126e5e10d957a927a7f5b5d2be

  Error: Transaction reverted without a reason

[31meth_call[0m
  Contract call:       Campaign#<unrecognized-selector>
  From:                0xf39fd6e51aad88f6f4ce6ab8827279cfffb92266
  To:                  0xa16e02e87b7454126e5e10d957a927a7f5b5d2be

  Error: Transaction reverted without a reason

[31meth_call[0m
  Contract call:       Campaign#<unrecognized-selector>
  From:                0xf39fd6e51aad88f6f4ce6ab8827279cfffb92266
  To:                  0xa16e02e87b7454126e5e10d957a927a7f5b5d2be

  Error: Transaction reverted without a reason

[31meth_call[0m
  Contract call:       Campaign#<unrecognized-selector>
  From:                0xf39fd6e51aad88f6f4ce6ab8827279cfffb92266
  To:                  0xa16e02e87b7454126e5e10d957a927a7f5b5d2be

  Error: Transaction reverted without a reason

[31meth_call[0m
  Contract call:       Campaign#<unrecognized-selector>
  From:                0xf39fd6e51aad88f6f4ce6ab8827279cfffb92266
  To:                  0xa16e02e87b7454126e5e10d957a927a7f5b5d2be

  Error: Transaction reverted without a reason

[31meth_call[0m
  Contract call:       Campaign#<unrecognized-selector>
  From:                0xf39fd6e51aad88f6f4ce6ab8827279cfffb92266
  To:                  0xa16e02e87b7454126e5e10d957a927a7f5b5d2be

  Error: Transaction reverted without a reason

[31meth_call[0m
  Contract call:       Campaign#<unrecognized-selector>
  From:                0xf39fd6e51aad88f6f4ce6ab8827279cfffb92266
  To:                  0xa16e02e87b7454126e5e10d957a927a7f5b5d2be

  Error: Transaction reverted without a reason

[31meth_call[0m
  Contract call:       Campaign#<unrecognized-selector>
  From:                0xf39fd6e51aad88f6f4ce6ab8827279cfffb92266
  To:                  0xa16e02e87b7454126e5e10d957a927a7f5b5d2be

  Error: Transaction reverted without a reason

[31meth_call[0m
  Contract call:       Campaign#<unrecognized-selector>
  From:                0xf39fd6e51aad88f6f4ce6ab8827279cfffb92266
  To:                  0xa16e02e87b7454126e5e10d957a927a7f5b5d2be

  Error: Transaction reverted without a reason

[32meth_getTransactionCount[0m
[32meth_sendRawTransaction[0m
  Contract call:       Campaign#donate
  Transaction:         0xaa56f2eff8d722ecc45d75760284d76338002a16fe130c6f87980b6bb3c2793b
  From:                0x70997970c51812dc3a010c7d01b50e0d17dc79c8
  To:                  0xa16e02e87b7454126e5e10d957a927a7f5b5d2be
  Value:               10. ETH
  Gas used:            162646 of 162646
  Block #3:            0x7b93b6afeea03cb20f950e7c843f2f61a14f7987770586f1446cd535fade8f6f

[31meth_call[0m
  Contract call:       Campaign#<unrecognized-selector>
  From:                0xf39fd6e51aad88f6f4ce6ab8827279cfffb92266
  To:                  0xa16e02e87b7454126e5e10d957a927a7f5b5d2be

  Error: Transaction reverted without a reason

[31meth_call[0m
  Contract call:       Campaign#<unrecognized-selector>
  From:                0xf39fd6e51aad88f6f4ce6ab8827279cfffb92266
  To:                  0xa16e02e87b7454126e5e10d957a927a7f5b5d2be

  Error: Transaction reverted without a reason

[32meth_getTransactionReceipt[0m
[31meth_call[0m
  Contract call:       Campaign#<unrecognized-selector>
  From:                0xf39fd6e51aad88f6f4ce6ab8827279cfffb92266
  To:                  0xa16e02e87b7454126e5e10d957a927a7f5b5d2be

  Error: Transaction reverted without a reason

[31meth_call[0m
  Contract call:       Campaign#<unrecognized-selector>
  From:                0xf39fd6e51aad88f6f4ce6ab8827279cfffb92266
  To:                  0xa16e02e87b7454126e5e10d957a927a7f5b5d2be

  Error: Transaction reverted without a reason

[32meth_blockNumber[0m
[32meth_call[0m
  Contract call:       CampaignFactory#getDeployedCampaigns
  From:                0xf39fd6e51aad88f6f4ce6ab8827279cfffb92266
  To:                  0x5fbdb2315678afecb367f032d93f642f64180aa3

[32meth_call[0m
  Contract call:       Campaign#getCampaignDetails
  From:                0xf39fd6e51aad88f6f4ce6ab8827279cfffb92266
  To:                  0xa16e02e87b7454126e5e10d957a927a7f5b5d2be

[32meth_call[0m
  Contract call:       CampaignFactory#getReputation
  From:                0xf39fd6e51aad88f6f4ce6ab8827279cfffb92266
  To:                  0x5fbdb2315678afecb367f032d93f642f64180aa3

[32meth_call[0m
  Contract call:       CampaignFactory#getReputationTier
  From:                0xf39fd6e51aad88f6f4ce6ab8827279cfffb92266
  To:                  0x5fbdb2315678afecb367f032d93f642f64180aa3

[32meth_call[0m
  Contract call:       Campaign#getContributors
  From:                0xf39fd6e51aad88f6f4ce6ab8827279cfffb92266
  To:                  0xa16e02e87b7454126e5e10d957a927a7f5b5d2be

[31meth_call[0m
  Contract deployment: <UnrecognizedContract>
  From:                0xf39fd6e51aad88f6f4ce6ab8827279cfffb92266

  TransactionExecutionError: StackOverflow

[31meth_call[0m
  Contract deployment: <UnrecognizedContract>
  From:                0xf39fd6e51aad88f6f4ce6ab8827279cfffb92266

  TransactionExecutionError: StackOverflow

[32meth_getBlockByNumber[0m
[32meth_gasPrice[0m
[32meth_blockNumber[0m
[32meth_getBalance[0m
[32meth_getTransactionReceipt[0m
[32meth_getBlockByHash[0m
[32meth_blockNumber[0m
[31meth_call[0m
  Contract call:       Campaign#<unrecognized-selector>
  From:                0xf39fd6e51aad88f6f4ce6ab8827279cfffb92266
  To:                  0xa16e02e87b7454126e5e10d957a927a7f5b5d2be

  Error: Transaction reverted without a reason

[31meth_call[0m
  Contract call:       Campaign#<unrecognized-selector>
  From:                0xf39fd6e51aad88f6f4ce6ab8827279cfffb92266
  To:                  0xa16e02e87b7454126e5e10d957a927a7f5b5d2be

  Error: Transaction reverted without a reason

[31meth_call[0m
  Contract call:       Campaign#<unrecognized-selector>
  From:                0xf39fd6e51aad88f6f4ce6ab8827279cfffb92266
  To:                  0xa16e02e87b7454126e5e10d957a927a7f5b5d2be

  Error: Transaction reverted without a reason

[31meth_call[0m
  Contract call:       Campaign#<unrecognized-selector>
  From:                0xf39fd6e51aad88f6f4ce6ab8827279cfffb92266
  To:                  0xa16e02e87b7454126e5e10d957a927a7f5b5d2be

  Error: Transaction reverted without a reason

[32meth_blockNumber[0m
[32meth_blockNumber (2)[0m
[32meth_blockNumber (3)[0m
[32meth_blockNumber (4)[0m
[32meth_blockNumber (5)[0m
[32meth_blockNumber (6)[0m
[32meth_blockNumber (7)[0m
[32meth_getBalance[0m
[32meth_call[0m
  Contract call:       CampaignFactory#getReputation
  From:                0xf39fd6e51aad88f6f4ce6ab8827279cfffb92266
  To:                  0x5fbdb2315678afecb367f032d93f642f64180aa3

[32meth_call[0m
  Contract call:       CampaignFactory#getReputationTier
  From:                0xf39fd6e51aad88f6f4ce6ab8827279cfffb92266
  To:                  0x5fbdb2315678afecb367f032d93f642f64180aa3

[32meth_blockNumber[0m
[32meth_blockNumber (2)[0m
[32meth_blockNumber (3)[0m
[32meth_blockNumber (4)[0m
[32meth_estimateGas[0m
[32meth_getCode[0m
[32meth_getCode (2)[0m
[32meth_blockNumber[0m
[31meth_call[0m
  Contract call:       Campaign#<unrecognized-selector>
  From:                0xf39fd6e51aad88f6f4ce6ab8827279cfffb92266
  To:                  0xa16e02e87b7454126e5e10d957a927a7f5b5d2be

  Error: Transaction reverted without a reason

[31meth_call[0m
  Contract call:       Campaign#<unrecognized-selector>
  From:                0xf39fd6e51aad88f6f4ce6ab8827279cfffb92266
  To:                  0xa16e02e87b7454126e5e10d957a927a7f5b5d2be

  Error: Transaction reverted without a reason

[31meth_call[0m
  Contract call:       Campaign#<unrecognized-selector>
  From:                0xf39fd6e51aad88f6f4ce6ab8827279cfffb92266
  To:                  0xa16e02e87b7454126e5e10d957a927a7f5b5d2be

  Error: Transaction reverted without a reason

[31meth_call[0m
  Contract call:       Campaign#<unrecognized-selector>
  From:                0xf39fd6e51aad88f6f4ce6ab8827279cfffb92266
  To:                  0xa16e02e87b7454126e5e10d957a927a7f5b5d2be

  Error: Transaction reverted without a reason

[31meth_call[0m
  Contract call:       Campaign#<unrecognized-selector>
  From:                0xf39fd6e51aad88f6f4ce6ab8827279cfffb92266
  To:                  0xa16e02e87b7454126e5e10d957a927a7f5b5d2be

  Error: Transaction reverted without a reason

[31meth_call[0m
  Contract call:       Campaign#<unrecognized-selector>
  From:                0xf39fd6e51aad88f6f4ce6ab8827279cfffb92266
  To:                  0xa16e02e87b7454126e5e10d957a927a7f5b5d2be

  Error: Transaction reverted without a reason

[31meth_call[0m
  Contract call:       Campaign#<unrecognized-selector>
  From:                0xf39fd6e51aad88f6f4ce6ab8827279cfffb92266
  To:                  0xa16e02e87b7454126e5e10d957a927a7f5b5d2be

  Error: Transaction reverted without a reason

[31meth_call[0m
  Contract call:       Campaign#<unrecognized-selector>
  From:                0xf39fd6e51aad88f6f4ce6ab8827279cfffb92266
  To:                  0xa16e02e87b7454126e5e10d957a927a7f5b5d2be

  Error: Transaction reverted without a reason

[31meth_call[0m
  Contract call:       Campaign#<unrecognized-selector>
  From:                0xf39fd6e51aad88f6f4ce6ab8827279cfffb92266
  To:                  0xa16e02e87b7454126e5e10d957a927a7f5b5d2be

  Error: Transaction reverted without a reason

[32meth_getTransactionCount[0m
[32meth_sendRawTransaction[0m
  Contract call:       Campaign#createMilestone
  Transaction:         0x132c5adef7654d3db53e08504ac6b0edc3920208049e4fd0ec5444c98bf7d15a
  From:                0xf39fd6e51aad88f6f4ce6ab8827279cfffb92266
  To:                  0xa16e02e87b7454126e5e10d957a927a7f5b5d2be
  Value:               0 ETH
  Gas used:            156798 of 156798
  Block #4:            0x2385c42c33e775f9aafe44a3e5410430d344a081075f0479f102ebf1609a7dd7

[31meth_call[0m
  Contract call:       Campaign#<unrecognized-selector>
  From:                0xf39fd6e51aad88f6f4ce6ab8827279cfffb92266
  To:                  0xa16e02e87b7454126e5e10d957a927a7f5b5d2be

  Error: Transaction reverted without a reason

[31meth_call[0m
  Contract call:       Campaign#<unrecognized-selector>
  From:                0xf39fd6e51aad88f6f4ce6ab8827279cfffb92266
  To:                  0xa16e02e87b7454126e5e10d957a927a7f5b5d2be

  Error: Transaction reverted without a reason

[32meth_getTransactionReceipt[0m
[31meth_call[0m
  Contract call:       Campaign#<unrecognized-selector>
  From:                0xf39fd6e51aad88f6f4ce6ab8827279cfffb92266
  To:                  0xa16e02e87b7454126e5e10d957a927a7f5b5d2be

  Error: Transaction reverted without a reason

[31meth_call[0m
  Contract call:       Campaign#<unrecognized-selector>
  From:                0xf39fd6e51aad88f6f4ce6ab8827279cfffb92266
  To:                  0xa16e02e87b7454126e5e10d957a927a7f5b5d2be

  Error: Transaction reverted without a reason

[32meth_blockNumber[0m
[32meth_call[0m
  Contract call:       Campaign#getCampaignDetails
  From:                0xf39fd6e51aad88f6f4ce6ab8827279cfffb92266
  To:                  0xa16e02e87b7454126e5e10d957a927a7f5b5d2be

[32meth_call[0m
  Contract call:       Campaign#getMilestoneDetails
  From:                0xf39fd6e51aad88f6f4ce6ab8827279cfffb92266
  To:                  0xa16e02e87b7454126e5e10d957a927a7f5b5d2be

[32meth_call[0m
  Contract call:       Campaign#hasVotedOnMilestone
  From:                0xf39fd6e51aad88f6f4ce6ab8827279cfffb92266
  To:                  0xa16e02e87b7454126e5e10d957a927a7f5b5d2be

[32meth_call[0m
  Contract call:       Campaign#getContributors
  From:                0xf39fd6e51aad88f6f4ce6ab8827279cfffb92266
  To:                  0xa16e02e87b7454126e5e10d957a927a7f5b5d2be

[31meth_call[0m
  Contract deployment: <UnrecognizedContract>
  From:                0xf39fd6e51aad88f6f4ce6ab8827279cfffb92266

  TransactionExecutionError: StackOverflow

[31meth_call[0m
  Contract deployment: <UnrecognizedContract>
  From:                0xf39fd6e51aad88f6f4ce6ab8827279cfffb92266

  TransactionExecutionError: StackOverflow

[32meth_getBlockByNumber[0m
[32meth_gasPrice[0m
[32meth_getTransactionReceipt[0m
[32meth_getBlockByHash[0m
[32meth_blockNumber[0m
[32meth_getBalance[0m
[31meth_call[0m
  Contract call:       Campaign#<unrecognized-selector>
  From:                0xf39fd6e51aad88f6f4ce6ab8827279cfffb92266
  To:                  0xa16e02e87b7454126e5e10d957a927a7f5b5d2be

  Error: Transaction reverted without a reason

[31meth_call[0m
  Contract call:       Campaign#<unrecognized-selector>
  From:                0xf39fd6e51aad88f6f4ce6ab8827279cfffb92266
  To:                  0xa16e02e87b7454126e5e10d957a927a7f5b5d2be

  Error: Transaction reverted without a reason

[31meth_call[0m
  Contract call:       Campaign#<unrecognized-selector>
  From:                0xf39fd6e51aad88f6f4ce6ab8827279cfffb92266
  To:                  0xa16e02e87b7454126e5e10d957a927a7f5b5d2be

  Error: Transaction reverted without a reason

[31meth_call[0m
  Contract call:       Campaign#<unrecognized-selector>
  From:                0xf39fd6e51aad88f6f4ce6ab8827279cfffb92266
  To:                  0xa16e02e87b7454126e5e10d957a927a7f5b5d2be

  Error: Transaction reverted without a reason

[32meth_blockNumber[0m
[32meth_blockNumber (2)[0m
[32meth_getBalance[0m
[32meth_blockNumber[0m
[32meth_blockNumber (2)[0m
[32meth_blockNumber (3)[0m
[32meth_blockNumber (4)[0m
[32meth_estimateGas[0m
[32meth_getCode[0m
[32meth_getCode (2)[0m
[32meth_blockNumber[0m
[31meth_call[0m
  Contract call:       Campaign#<unrecognized-selector>
  From:                0xf39fd6e51aad88f6f4ce6ab8827279cfffb92266
  To:                  0xa16e02e87b7454126e5e10d957a927a7f5b5d2be

  Error: Transaction reverted without a reason

[31meth_call[0m
  Contract call:       Campaign#<unrecognized-selector>
  From:                0xf39fd6e51aad88f6f4ce6ab8827279cfffb92266
  To:                  0xa16e02e87b7454126e5e10d957a927a7f5b5d2be

  Error: Transaction reverted without a reason

[31meth_call[0m
  Contract call:       Campaign#<unrecognized-selector>
  From:                0xf39fd6e51aad88f6f4ce6ab8827279cfffb92266
  To:                  0xa16e02e87b7454126e5e10d957a927a7f5b5d2be

  Error: Transaction reverted without a reason

[31meth_call[0m
  Contract call:       Campaign#<unrecognized-selector>
  From:                0xf39fd6e51aad88f6f4ce6ab8827279cfffb92266
  To:                  0xa16e02e87b7454126e5e10d957a927a7f5b5d2be

  Error: Transaction reverted without a reason

[31meth_call[0m
  Contract call:       Campaign#<unrecognized-selector>
  From:                0xf39fd6e51aad88f6f4ce6ab8827279cfffb92266
  To:                  0xa16e02e87b7454126e5e10d957a927a7f5b5d2be

  Error: Transaction reverted without a reason

[31meth_call[0m
  Contract call:       Campaign#<unrecognized-selector>
  From:                0xf39fd6e51aad88f6f4ce6ab8827279cfffb92266
  To:                  0xa16e02e87b7454126e5e10d957a927a7f5b5d2be

  Error: Transaction reverted without a reason

[31meth_call[0m
  Contract call:       Campaign#<unrecognized-selector>
  From:                0xf39fd6e51aad88f6f4ce6ab8827279cfffb92266
  To:                  0xa16e02e87b7454126e5e10d957a927a7f5b5d2be

  Error: Transaction reverted without a reason

[31meth_call[0m
  Contract call:       Campaign#<unrecognized-selector>
  From:                0xf39fd6e51aad88f6f4ce6ab8827279cfffb92266
  To:                  0xa16e02e87b7454126e5e10d957a927a7f5b5d2be

  Error: Transaction reverted without a reason

[31meth_call[0m
  Contract call:       Campaign#<unrecognized-selector>
  From:                0xf39fd6e51aad88f6f4ce6ab8827279cfffb92266
  To:                  0xa16e02e87b7454126e5e10d957a927a7f5b5d2be

  Error: Transaction reverted without a reason

[31meth_call[0m
  Contract call:       Campaign#<unrecognized-selector>
  From:                0xf39fd6e51aad88f6f4ce6ab8827279cfffb92266
  To:                  0xa16e02e87b7454126e5e10d957a927a7f5b5d2be

  Error: Transaction reverted without a reason

[32meth_blockNumber[0m
[32meth_getTransactionCount[0m
[32meth_sendRawTransaction[0m
  Contract call:       Campaign#submitMilestoneEvidence
  Transaction:         0xdcc9a664a7e4651e1e1829c66e948231f6dcf01980e0aa16c5c4f683f45694f2
  From:                0xf39fd6e51aad88f6f4ce6ab8827279cfffb92266
  To:                  0xa16e02e87b7454126e5e10d957a927a7f5b5d2be
  Value:               0 ETH
  Gas used:            119174 of 119174
  Block #5:            0x433fb0790316a90ecefda17b63281828644cf949c71614c7733facb699ca7f1b

[31meth_call[0m
  Contract call:       Campaign#<unrecognized-selector>
  From:                0xf39fd6e51aad88f6f4ce6ab8827279cfffb92266
  To:                  0xa16e02e87b7454126e5e10d957a927a7f5b5d2be

  Error: Transaction reverted without a reason

[32meth_getTransactionReceipt[0m
[31meth_call[0m
  Contract call:       Campaign#<unrecognized-selector>
  From:                0xf39fd6e51aad88f6f4ce6ab8827279cfffb92266
  To:                  0xa16e02e87b7454126e5e10d957a927a7f5b5d2be

  Error: Transaction reverted without a reason

[32meth_blockNumber[0m
[31meth_call[0m
  Contract call:       Campaign#<unrecognized-selector>
  From:                0xf39fd6e51aad88f6f4ce6ab8827279cfffb92266
  To:                  0xa16e02e87b7454126e5e10d957a927a7f5b5d2be

  Error: Transaction reverted without a reason

[31meth_call[0m
  Contract call:       Campaign#<unrecognized-selector>
  From:                0xf39fd6e51aad88f6f4ce6ab8827279cfffb92266
  To:                  0xa16e02e87b7454126e5e10d957a927a7f5b5d2be

  Error: Transaction reverted without a reason

[32meth_call[0m
  Contract call:       Campaign#getCampaignDetails
  From:                0xf39fd6e51aad88f6f4ce6ab8827279cfffb92266
  To:                  0xa16e02e87b7454126e5e10d957a927a7f5b5d2be

[32meth_call[0m
  Contract call:       Campaign#getMilestoneDetails
  From:                0xf39fd6e51aad88f6f4ce6ab8827279cfffb92266
  To:                  0xa16e02e87b7454126e5e10d957a927a7f5b5d2be

[32meth_call[0m
  Contract call:       Campaign#hasVotedOnMilestone
  From:                0xf39fd6e51aad88f6f4ce6ab8827279cfffb92266
  To:                  0xa16e02e87b7454126e5e10d957a927a7f5b5d2be

[32meth_call[0m
  Contract call:       Campaign#getContributors
  From:                0xf39fd6e51aad88f6f4ce6ab8827279cfffb92266
  To:                  0xa16e02e87b7454126e5e10d957a927a7f5b5d2be

[31meth_call[0m
  Contract deployment: <UnrecognizedContract>
  From:                0xf39fd6e51aad88f6f4ce6ab8827279cfffb92266

  TransactionExecutionError: StackOverflow

[32meth_getBlockByNumber[0m
[32meth_gasPrice[0m
[32meth_getBalance[0m
[32meth_getTransactionReceipt[0m
[32meth_getBlockByHash[0m
[32meth_blockNumber[0m
[32meth_getBalance[0m
[31meth_call[0m
  Contract call:       Campaign#<unrecognized-selector>
  From:                0xf39fd6e51aad88f6f4ce6ab8827279cfffb92266
  To:                  0xa16e02e87b7454126e5e10d957a927a7f5b5d2be

  Error: Transaction reverted without a reason

[31meth_call[0m
  Contract call:       Campaign#<unrecognized-selector>
  From:                0xf39fd6e51aad88f6f4ce6ab8827279cfffb92266
  To:                  0xa16e02e87b7454126e5e10d957a927a7f5b5d2be

  Error: Transaction reverted without a reason

[31meth_call[0m
  Contract call:       Campaign#<unrecognized-selector>
  From:                0xf39fd6e51aad88f6f4ce6ab8827279cfffb92266
  To:                  0xa16e02e87b7454126e5e10d957a927a7f5b5d2be

  Error: Transaction reverted without a reason

[31meth_call[0m
  Contract call:       Campaign#<unrecognized-selector>
  From:                0xf39fd6e51aad88f6f4ce6ab8827279cfffb92266
  To:                  0xa16e02e87b7454126e5e10d957a927a7f5b5d2be

  Error: Transaction reverted without a reason

[32meth_blockNumber[0m
[32meth_blockNumber (2)[0m
[32meth_blockNumber (3)[0m
[32meth_call[0m
  Contract call:       CampaignFactory#getReputation
  From:                0xf39fd6e51aad88f6f4ce6ab8827279cfffb92266
  To:                  0x5fbdb2315678afecb367f032d93f642f64180aa3

[32meth_call[0m
  Contract call:       CampaignFactory#getReputationTier
  From:                0xf39fd6e51aad88f6f4ce6ab8827279cfffb92266
  To:                  0x5fbdb2315678afecb367f032d93f642f64180aa3

[32meth_call[0m
  Contract call:       Campaign#hasVotedOnMilestone
  From:                0xf39fd6e51aad88f6f4ce6ab8827279cfffb92266
  To:                  0xa16e02e87b7454126e5e10d957a927a7f5b5d2be

[32meth_call[0m
  Contract call:       CampaignFactory#getDeployedCampaigns
  From:                0xf39fd6e51aad88f6f4ce6ab8827279cfffb92266
  To:                  0x5fbdb2315678afecb367f032d93f642f64180aa3

[32meth_blockNumber[0m
[32meth_blockNumber (2)[0m
[32meth_blockNumber (3)[0m
[32meth_blockNumber (4)[0m
[32meth_blockNumber (5)[0m
[32meth_blockNumber (6)[0m
[32meth_blockNumber (7)[0m
[32meth_blockNumber (8)[0m
[32meth_blockNumber (9)[0m
[32meth_blockNumber (10)[0m
[32meth_blockNumber (11)[0m
[32meth_blockNumber (12)[0m
[32meth_blockNumber (13)[0m
[32meth_blockNumber (14)[0m
[32meth_chainId[0m
[32meth_accounts[0m
[32mhardhat_metadata[0m
[32mhardhat_metadata (2)[0m
[32mhardhat_metadata (3)[0m
[32mhardhat_metadata (4)[0m
[32mhardhat_metadata (5)[0m
[32mhardhat_metadata (6)[0m
[32mhardhat_metadata (7)[0m
[32mhardhat_metadata (8)[0m
[32mhardhat_metadata (9)[0m
[32mhardhat_metadata (10)[0m
[32mhardhat_metadata (11)[0m
[32mhardhat_metadata (12)[0m
[32mhardhat_metadata (13)[0m
[32mhardhat_metadata (14)[0m
[32mhardhat_metadata (15)[0m
[32mhardhat_metadata (16)[0m
[32mhardhat_metadata (17)[0m
[32mhardhat_metadata (18)[0m
[32mhardhat_metadata (19)[0m
[32mhardhat_metadata (20)[0m
[32meth_blockNumber[0m
[32meth_blockNumber (2)[0m
[32meth_chainId[0m
[32meth_accounts[0m
[32mhardhat_metadata[0m
[32mhardhat_metadata (2)[0m
[32mhardhat_metadata (3)[0m
[32mhardhat_metadata (4)[0m
[32mhardhat_metadata (5)[0m
[32mhardhat_metadata (6)[0m
[32mhardhat_metadata (7)[0m
[32mhardhat_metadata (8)[0m
[32mhardhat_metadata (9)[0m
[32mhardhat_metadata (10)[0m
[32mhardhat_metadata (11)[0m
[32mhardhat_metadata (12)[0m
[32mhardhat_metadata (13)[0m
[32mhardhat_metadata (14)[0m
[32mhardhat_metadata (15)[0m
[32mhardhat_metadata (16)[0m
[32mhardhat_metadata (17)[0m
[32mhardhat_metadata (18)[0m
[32mhardhat_metadata (19)[0m
[32mhardhat_metadata (20)[0m
[32meth_call[0m
  Contract call:       Campaign#contributions
  From:                0xf39fd6e51aad88f6f4ce6ab8827279cfffb92266
  To:                  0xa16e02e87b7454126e5e10d957a927a7f5b5d2be

[32meth_call[0m
  Contract call:       Campaign#getContributors
  From:                0xf39fd6e51aad88f6f4ce6ab8827279cfffb92266
  To:                  0xa16e02e87b7454126e5e10d957a927a7f5b5d2be

[32meth_blockNumber[0m
[32meth_blockNumber (2)[0m
[32meth_blockNumber (3)[0m
[32meth_blockNumber (4)[0m
[32meth_blockNumber (5)[0m
[32meth_blockNumber (6)[0m
[32meth_blockNumber (7)[0m
[32meth_estimateGas[0m
[32meth_getCode[0m
[32meth_getCode (2)[0m
[32meth_blockNumber[0m
[31meth_call[0m
  Contract call:       Campaign#<unrecognized-selector>
  From:                0xf39fd6e51aad88f6f4ce6ab8827279cfffb92266
  To:                  0xa16e02e87b7454126e5e10d957a927a7f5b5d2be

  Error: Transaction reverted without a reason

[31meth_call[0m
  Contract call:       Campaign#<unrecognized-selector>
  From:                0xf39fd6e51aad88f6f4ce6ab8827279cfffb92266
  To:                  0xa16e02e87b7454126e5e10d957a927a7f5b5d2be

  Error: Transaction reverted without a reason

[31meth_call[0m
  Contract call:       Campaign#<unrecognized-selector>
  From:                0xf39fd6e51aad88f6f4ce6ab8827279cfffb92266
  To:                  0xa16e02e87b7454126e5e10d957a927a7f5b5d2be

  Error: Transaction reverted without a reason

[31meth_call[0m
  Contract call:       Campaign#<unrecognized-selector>
  From:                0xf39fd6e51aad88f6f4ce6ab8827279cfffb92266
  To:                  0xa16e02e87b7454126e5e10d957a927a7f5b5d2be

  Error: Transaction reverted without a reason

[31meth_call[0m
  Contract call:       Campaign#<unrecognized-selector>
  From:                0xf39fd6e51aad88f6f4ce6ab8827279cfffb92266
  To:                  0xa16e02e87b7454126e5e10d957a927a7f5b5d2be

  Error: Transaction reverted without a reason

[31meth_call[0m
  Contract call:       Campaign#<unrecognized-selector>
  From:                0xf39fd6e51aad88f6f4ce6ab8827279cfffb92266
  To:                  0xa16e02e87b7454126e5e10d957a927a7f5b5d2be

  Error: Transaction reverted without a reason

[31meth_call[0m
  Contract call:       Campaign#<unrecognized-selector>
  From:                0xf39fd6e51aad88f6f4ce6ab8827279cfffb92266
  To:                  0xa16e02e87b7454126e5e10d957a927a7f5b5d2be

  Error: Transaction reverted without a reason

[31meth_call[0m
  Contract call:       Campaign#<unrecognized-selector>
  From:                0xf39fd6e51aad88f6f4ce6ab8827279cfffb92266
  To:                  0xa16e02e87b7454126e5e10d957a927a7f5b5d2be

  Error: Transaction reverted without a reason

[31meth_call[0m
  Contract call:       Campaign#<unrecognized-selector>
  From:                0xf39fd6e51aad88f6f4ce6ab8827279cfffb92266
  To:                  0xa16e02e87b7454126e5e10d957a927a7f5b5d2be

  Error: Transaction reverted without a reason

[31meth_call[0m
  Contract call:       Campaign#<unrecognized-selector>
  From:                0xf39fd6e51aad88f6f4ce6ab8827279cfffb92266
  To:                  0xa16e02e87b7454126e5e10d957a927a7f5b5d2be

  Error: Transaction reverted without a reason

[31meth_call[0m
  Contract call:       Campaign#<unrecognized-selector>
  From:                0xf39fd6e51aad88f6f4ce6ab8827279cfffb92266
  To:                  0xa16e02e87b7454126e5e10d957a927a7f5b5d2be

  Error: Transaction reverted without a reason

[31meth_call[0m
  Contract call:       Campaign#<unrecognized-selector>
  From:                0xf39fd6e51aad88f6f4ce6ab8827279cfffb92266
  To:                  0xa16e02e87b7454126e5e10d957a927a7f5b5d2be

  Error: Transaction reverted without a reason

[31meth_call[0m
  Contract call:       Campaign#<unrecognized-selector>
  From:                0xf39fd6e51aad88f6f4ce6ab8827279cfffb92266
  To:                  0xa16e02e87b7454126e5e10d957a927a7f5b5d2be

  Error: Transaction reverted without a reason

[31meth_call[0m
  Contract call:       Campaign#<unrecognized-selector>
  From:                0xf39fd6e51aad88f6f4ce6ab8827279cfffb92266
  To:                  0xa16e02e87b7454126e5e10d957a927a7f5b5d2be

  Error: Transaction reverted without a reason

[32meth_getTransactionCount[0m
[32meth_sendRawTransaction[0m
  Contract call:       Campaign#voteMilestone
  Transaction:         0xeca8ed64e6b520cff3f4679ba9f619b99e57fc0e29085d51964cfc0b95e6db9c
  From:                0x70997970c51812dc3a010c7d01b50e0d17dc79c8
  To:                  0xa16e02e87b7454126e5e10d957a927a7f5b5d2be
  Value:               0 ETH
  Gas used:            159440 of 159440
  Block #6:            0x571fa75c37e5f6e3926c719dfb9b9c123f652ec88f3347d6c0e8bf6f2ce253f0

[31meth_call[0m
  Contract call:       Campaign#<unrecognized-selector>
  From:                0xf39fd6e51aad88f6f4ce6ab8827279cfffb92266
  To:                  0xa16e02e87b7454126e5e10d957a927a7f5b5d2be

  Error: Transaction reverted without a reason

[32meth_getTransactionReceipt[0m
[31meth_call[0m
  Contract call:       Campaign#<unrecognized-selector>
  From:                0xf39fd6e51aad88f6f4ce6ab8827279cfffb92266
  To:                  0xa16e02e87b7454126e5e10d957a927a7f5b5d2be

  Error: Transaction reverted without a reason

[32meth_blockNumber[0m
[31meth_call[0m
  Contract call:       Campaign#<unrecognized-selector>
  From:                0xf39fd6e51aad88f6f4ce6ab8827279cfffb92266
  To:                  0xa16e02e87b7454126e5e10d957a927a7f5b5d2be

  Error: Transaction reverted without a reason

[31meth_call[0m
  Contract call:       Campaign#<unrecognized-selector>
  From:                0xf39fd6e51aad88f6f4ce6ab8827279cfffb92266
  To:                  0xa16e02e87b7454126e5e10d957a927a7f5b5d2be

  Error: Transaction reverted without a reason

[32meth_call[0m
  Contract call:       Campaign#getCampaignDetails
  From:                0xf39fd6e51aad88f6f4ce6ab8827279cfffb92266
  To:                  0xa16e02e87b7454126e5e10d957a927a7f5b5d2be

[32meth_call[0m
  Contract call:       Campaign#getMilestoneDetails
  From:                0xf39fd6e51aad88f6f4ce6ab8827279cfffb92266
  To:                  0xa16e02e87b7454126e5e10d957a927a7f5b5d2be

[32meth_call[0m
  Contract call:       Campaign#hasVotedOnMilestone
  From:                0xf39fd6e51aad88f6f4ce6ab8827279cfffb92266
  To:                  0xa16e02e87b7454126e5e10d957a927a7f5b5d2be

[32meth_call[0m
  Contract call:       Campaign#getContributors
  From:                0xf39fd6e51aad88f6f4ce6ab8827279cfffb92266
  To:                  0xa16e02e87b7454126e5e10d957a927a7f5b5d2be

[31meth_call[0m
  Contract deployment: <UnrecognizedContract>
  From:                0xf39fd6e51aad88f6f4ce6ab8827279cfffb92266

  TransactionExecutionError: StackOverflow

[32meth_getBlockByNumber[0m
[32meth_gasPrice[0m
[32meth_getTransactionReceipt[0m
[32meth_getBlockByHash[0m
[32meth_blockNumber[0m
[32meth_getBalance[0m
[31meth_call[0m
  Contract call:       Campaign#<unrecognized-selector>
  From:                0xf39fd6e51aad88f6f4ce6ab8827279cfffb92266
  To:                  0xa16e02e87b7454126e5e10d957a927a7f5b5d2be

  Error: Transaction reverted without a reason

[31meth_call[0m
  Contract call:       Campaign#<unrecognized-selector>
  From:                0xf39fd6e51aad88f6f4ce6ab8827279cfffb92266
  To:                  0xa16e02e87b7454126e5e10d957a927a7f5b5d2be

  Error: Transaction reverted without a reason

[31meth_call[0m
  Contract call:       Campaign#<unrecognized-selector>
  From:                0xf39fd6e51aad88f6f4ce6ab8827279cfffb92266
  To:                  0xa16e02e87b7454126e5e10d957a927a7f5b5d2be

  Error: Transaction reverted without a reason

[31meth_call[0m
  Contract call:       Campaign#<unrecognized-selector>
  From:                0xf39fd6e51aad88f6f4ce6ab8827279cfffb92266
  To:                  0xa16e02e87b7454126e5e10d957a927a7f5b5d2be

  Error: Transaction reverted without a reason

[32meth_blockNumber[0m
[32meth_getBalance[0m
[32meth_blockNumber[0m
[32meth_blockNumber (2)[0m
[32meth_blockNumber (3)[0m
[32meth_blockNumber (4)[0m
[32meth_blockNumber (5)[0m
[32meth_blockNumber (6)[0m
[32meth_blockNumber (7)[0m
[32meth_call[0m
  Contract call:       CampaignFactory#getReputation
  From:                0xf39fd6e51aad88f6f4ce6ab8827279cfffb92266
  To:                  0x5fbdb2315678afecb367f032d93f642f64180aa3

[32meth_call[0m
  Contract call:       CampaignFactory#getReputationTier
  From:                0xf39fd6e51aad88f6f4ce6ab8827279cfffb92266
  To:                  0x5fbdb2315678afecb367f032d93f642f64180aa3

[32meth_call[0m
  Contract call:       Campaign#hasVotedOnMilestone
  From:                0xf39fd6e51aad88f6f4ce6ab8827279cfffb92266
  To:                  0xa16e02e87b7454126e5e10d957a927a7f5b5d2be

[32meth_call[0m
  Contract call:       CampaignFactory#getDeployedCampaigns
  From:                0xf39fd6e51aad88f6f4ce6ab8827279cfffb92266
  To:                  0x5fbdb2315678afecb367f032d93f642f64180aa3

[32meth_blockNumber[0m
[32meth_blockNumber (2)[0m
[32meth_blockNumber (3)[0m
[32meth_estimateGas[0m
[32meth_getCode[0m
[32meth_getCode (2)[0m
[32meth_blockNumber[0m
[31meth_call[0m
  Contract call:       Campaign#<unrecognized-selector>
  From:                0xf39fd6e51aad88f6f4ce6ab8827279cfffb92266
  To:                  0xa16e02e87b7454126e5e10d957a927a7f5b5d2be

  Error: Transaction reverted without a reason

[31meth_call[0m
  Contract call:       Campaign#<unrecognized-selector>
  From:                0xf39fd6e51aad88f6f4ce6ab8827279cfffb92266
  To:                  0xa16e02e87b7454126e5e10d957a927a7f5b5d2be

  Error: Transaction reverted without a reason

[31meth_call[0m
  Contract call:       Campaign#<unrecognized-selector>
  From:                0xf39fd6e51aad88f6f4ce6ab8827279cfffb92266
  To:                  0xa16e02e87b7454126e5e10d957a927a7f5b5d2be

  Error: Transaction reverted without a reason

[31meth_call[0m
  Contract call:       Campaign#<unrecognized-selector>
  From:                0xf39fd6e51aad88f6f4ce6ab8827279cfffb92266
  To:                  0xa16e02e87b7454126e5e10d957a927a7f5b5d2be

  Error: Transaction reverted without a reason

[31meth_call[0m
  Contract call:       Campaign#<unrecognized-selector>
  From:                0xf39fd6e51aad88f6f4ce6ab8827279cfffb92266
  To:                  0xa16e02e87b7454126e5e10d957a927a7f5b5d2be

  Error: Transaction reverted without a reason

[31meth_call[0m
  Contract call:       Campaign#<unrecognized-selector>
  From:                0xf39fd6e51aad88f6f4ce6ab8827279cfffb92266
  To:                  0xa16e02e87b7454126e5e10d957a927a7f5b5d2be

  Error: Transaction reverted without a reason

[31meth_call[0m
  Contract call:       Campaign#<unrecognized-selector>
  From:                0xf39fd6e51aad88f6f4ce6ab8827279cfffb92266
  To:                  0xa16e02e87b7454126e5e10d957a927a7f5b5d2be

  Error: Transaction reverted without a reason

[31meth_call[0m
  Contract call:       Campaign#<unrecognized-selector>
  From:                0xf39fd6e51aad88f6f4ce6ab8827279cfffb92266
  To:                  0xa16e02e87b7454126e5e10d957a927a7f5b5d2be

  Error: Transaction reverted without a reason

[31meth_call[0m
  Contract call:       Campaign#<unrecognized-selector>
  From:                0xf39fd6e51aad88f6f4ce6ab8827279cfffb92266
  To:                  0xa16e02e87b7454126e5e10d957a927a7f5b5d2be

  Error: Transaction reverted without a reason

[31meth_call[0m
  Contract call:       Campaign#<unrecognized-selector>
  From:                0xf39fd6e51aad88f6f4ce6ab8827279cfffb92266
  To:                  0xa16e02e87b7454126e5e10d957a927a7f5b5d2be

  Error: Transaction reverted without a reason

[31meth_call[0m
  Contract call:       Campaign#<unrecognized-selector>
  From:                0xf39fd6e51aad88f6f4ce6ab8827279cfffb92266
  To:                  0xa16e02e87b7454126e5e10d957a927a7f5b5d2be

  Error: Transaction reverted without a reason

[31meth_call[0m
  Contract call:       Campaign#<unrecognized-selector>
  From:                0xf39fd6e51aad88f6f4ce6ab8827279cfffb92266
  To:                  0xa16e02e87b7454126e5e10d957a927a7f5b5d2be

  Error: Transaction reverted without a reason

[31meth_call[0m
  Contract call:       Campaign#<unrecognized-selector>
  From:                0xf39fd6e51aad88f6f4ce6ab8827279cfffb92266
  To:                  0xa16e02e87b7454126e5e10d957a927a7f5b5d2be

  Error: Transaction reverted without a reason

[31meth_call[0m
  Contract call:       Campaign#<unrecognized-selector>
  From:                0xf39fd6e51aad88f6f4ce6ab8827279cfffb92266
  To:                  0xa16e02e87b7454126e5e10d957a927a7f5b5d2be

  Error: Transaction reverted without a reason

[32meth_getTransactionCount[0m
[32meth_sendRawTransaction[0m
  Contract call:       Campaign#createMilestone
  Transaction:         0x1dac20764a5087afc455325b97f026014981686b40b7c21488f9500de9aa00b1
  From:                0xf39fd6e51aad88f6f4ce6ab8827279cfffb92266
  To:                  0xa16e02e87b7454126e5e10d957a927a7f5b5d2be
  Value:               0 ETH
  Gas used:            115584 of 115584
  Block #7:            0xcacb66beabc0904378eecbfbf81bb61b1d8d3479b28485d946cfaa6a83884b7a

[31meth_call[0m
  Contract call:       Campaign#<unrecognized-selector>
  From:                0xf39fd6e51aad88f6f4ce6ab8827279cfffb92266
  To:                  0xa16e02e87b7454126e5e10d957a927a7f5b5d2be

  Error: Transaction reverted without a reason

[31meth_call[0m
  Contract call:       Campaign#<unrecognized-selector>
  From:                0xf39fd6e51aad88f6f4ce6ab8827279cfffb92266
  To:                  0xa16e02e87b7454126e5e10d957a927a7f5b5d2be

  Error: Transaction reverted without a reason

[32meth_getTransactionReceipt[0m
[31meth_call[0m
  Contract call:       Campaign#<unrecognized-selector>
  From:                0xf39fd6e51aad88f6f4ce6ab8827279cfffb92266
  To:                  0xa16e02e87b7454126e5e10d957a927a7f5b5d2be

  Error: Transaction reverted without a reason

[31meth_call[0m
  Contract call:       Campaign#<unrecognized-selector>
  From:                0xf39fd6e51aad88f6f4ce6ab8827279cfffb92266
  To:                  0xa16e02e87b7454126e5e10d957a927a7f5b5d2be

  Error: Transaction reverted without a reason

[32meth_blockNumber[0m
[32meth_call[0m
  Contract call:       Campaign#getCampaignDetails
  From:                0xf39fd6e51aad88f6f4ce6ab8827279cfffb92266
  To:                  0xa16e02e87b7454126e5e10d957a927a7f5b5d2be

[32meth_call[0m
  Contract call:       Campaign#getMilestoneDetails
  From:                0xf39fd6e51aad88f6f4ce6ab8827279cfffb92266
  To:                  0xa16e02e87b7454126e5e10d957a927a7f5b5d2be

[32meth_call[0m
  Contract call:       Campaign#getMilestoneDetails
  From:                0xf39fd6e51aad88f6f4ce6ab8827279cfffb92266
  To:                  0xa16e02e87b7454126e5e10d957a927a7f5b5d2be

[32meth_call[0m
  Contract call:       Campaign#hasVotedOnMilestone
  From:                0xf39fd6e51aad88f6f4ce6ab8827279cfffb92266
  To:                  0xa16e02e87b7454126e5e10d957a927a7f5b5d2be

[32meth_call[0m
  Contract call:       Campaign#hasVotedOnMilestone
  From:                0xf39fd6e51aad88f6f4ce6ab8827279cfffb92266
  To:                  0xa16e02e87b7454126e5e10d957a927a7f5b5d2be

[32meth_call[0m
  Contract call:       Campaign#getContributors
  From:                0xf39fd6e51aad88f6f4ce6ab8827279cfffb92266
  To:                  0xa16e02e87b7454126e5e10d957a927a7f5b5d2be

[31meth_call[0m
  Contract deployment: <UnrecognizedContract>
  From:                0xf39fd6e51aad88f6f4ce6ab8827279cfffb92266

  TransactionExecutionError: StackOverflow

[32meth_getBlockByNumber[0m
[32meth_gasPrice[0m
[32meth_getTransactionReceipt[0m
[32meth_getBlockByHash[0m
[32meth_blockNumber[0m
[32meth_getBalance[0m
[31meth_call[0m
  Contract call:       Campaign#<unrecognized-selector>
  From:                0xf39fd6e51aad88f6f4ce6ab8827279cfffb92266
  To:                  0xa16e02e87b7454126e5e10d957a927a7f5b5d2be

  Error: Transaction reverted without a reason

[31meth_call[0m
  Contract call:       Campaign#<unrecognized-selector>
  From:                0xf39fd6e51aad88f6f4ce6ab8827279cfffb92266
  To:                  0xa16e02e87b7454126e5e10d957a927a7f5b5d2be

  Error: Transaction reverted without a reason

[31meth_call[0m
  Contract call:       Campaign#<unrecognized-selector>
  From:                0xf39fd6e51aad88f6f4ce6ab8827279cfffb92266
  To:                  0xa16e02e87b7454126e5e10d957a927a7f5b5d2be

  Error: Transaction reverted without a reason

[31meth_call[0m
  Contract call:       Campaign#<unrecognized-selector>
  From:                0xf39fd6e51aad88f6f4ce6ab8827279cfffb92266
  To:                  0xa16e02e87b7454126e5e10d957a927a7f5b5d2be

  Error: Transaction reverted without a reason

[32meth_blockNumber[0m
[32meth_blockNumber (2)[0m
[32meth_getBalance[0m
[32meth_blockNumber[0m
